ifconfig.me
amnezia.org
ankiweb.net
api.radarr.video
api.cloudflare.com
apps.nextcloud.com
artworks.thetvdb.com
aussiedlerbote.de
boeblingen.de
cdninstagram.com
chatgpt.com
cloudflare.com
discord.com
discord.gg
discordapp.com
docker.com
docker.io
facebook.com
facebook.net
fbcdn.net
gemini.google.com
ghcr.io
ggpht.com
gmx.com
gmx.net
googlevideo.com
gvt1.com
home-assistant.io
ig.me
instagram.com
itdog.info
kaufland.de
kinozal.tv
laphroaig.com
learningapps.org
limango.de
linkedin.com
lostfilmtv5.site
lotto-bw.de
lottostar24.com
lrabb.de
medium.com
moeshouse.com
newstudio.tv
nnmclub.to
o2online.de
oaistatic.com
oaiusercontent.com
openai.com
proton.me
reboot.pro
relays.syncthing.net
rutor.info
rutracker.cc
rutracker.org
t-ru.org
themoviedb.org
thetvdb.com
tmdb.org
tvdb.com
twimg.com
twitter.com
vpnunlimited.com
wide-youtube.l.google.com
x.com
youtu.be
youtube-nocookie.com
youtube-ui.l.google.com
youtube.com
youtube.googleapis.com
youtubeembeddedplayer.googleapis.com
youtubei.googleapis.com
youtubekids.com
yt-video-upload.l.google.com
yt.be
ytimg.com
zinia.com
zinia.de